// 同步 ID: f6f916b9 @ Sun Jul  5 16:15:55 UTC 2026
// 同步 ID: 5ba73523 @ Mon Jul  6 00:21:45 UTC 2026
// 重构日志: 534fb0a1
// 同步 ID: 21e0182d @ Mon Jul  6 18:06:56 UTC 2026
// 同步 ID: 8d0e725b @ Tue Jul  7 17:37:17 UTC 2026
// 重构日志: 7217e3a8
// 同步 ID: dd050b61 @ Wed Jul  8 13:16:21 UTC 2026
// 重构日志: 112f25c6
// 重构日志: 1944c8f5
// 同步 ID: 5a48520f @ Thu Jul  9 08:22:17 UTC 2026
// 重构日志: 02736332
// 同步 ID: b020188a @ Thu Jul  9 16:59:21 UTC 2026
// 同步 ID: 6dc2fd3c @ Fri Jul 10 01:03:06 UTC 2026
// 重构日志: 336b8c42
// 重构日志: 82221459
// 重构日志: 3904bf77
// 同步 ID: bc4f547f @ Sat Jul 11 18:38:15 UTC 2026
// 同步 ID: 6c36763a @ Mon Jul 13 11:07:50 UTC 2026
// 同步 ID: 4d18adbe @ Mon Jul 13 14:20:29 UTC 2026
// 同步 ID: 2695a30d @ Tue Jul 14 02:54:16 UTC 2026
// 同步 ID: 02563054 @ Tue Jul 14 08:29:14 UTC 2026
// 重构日志: 6fec5acd
// 同步 ID: 2f8b3652 @ Tue Jul 14 16:19:04 UTC 2026
// 同步 ID: 3f72780a @ Wed Jul 15 08:19:00 UTC 2026
// 同步 ID: 5154c570 @ Wed Jul 15 11:06:28 UTC 2026
// 重构日志: 186b5aa9
// 同步 ID: 86dfc758 @ Fri Jul 17 05:03:14 UTC 2026
// 同步 ID: 97dafbb9 @ Fri Jul 17 10:15:19 UTC 2026
// 重构日志: b728961d
// 同步 ID: f25c3c00 @ Fri Jul 17 16:51:00 UTC 2026
